--------------------------------------------------------------------------------------
Timing Analyzer Summary
--------------------------------------------------------------------------------------

Type           : Worst-case tsu
Slack          : N/A
Required Time  : None
Actual Time    : 10.148 ns
From           : reset
To             : wait_time[18]
From Clock     : --
To Clock       : clk
Failed Paths   : 0

Type           : Worst-case tco
Slack          : N/A
Required Time  : None
Actual Time    : 15.974 ns
From           : transfer:tran|txds
To             : txd
From Clock     : clk
To Clock       : --
Failed Paths   : 0

Type           : Worst-case th
Slack          : N/A
Required Time  : None
Actual Time    : -0.976 ns
From           : reset
To             : transfer:tran|buf[2]
From Clock     : --
To Clock       : clk
Failed Paths   : 0

Type           : Clock Setup: 'clk'
Slack          : N/A
Required Time  : None
Actual Time    : 82.22 MHz ( period = 12.162 ns )
From           : transfer:tran|txd_done
To             : cnt[31]
From Clock     : clk
To Clock       : clk
Failed Paths   : 0

Type           : Clock Hold: 'clk'
Slack          : Not operational: Clock Skew > Data Delay
Required Time  : None
Actual Time    : N/A
From           : cmd
To             : transfer:tran|state.x_start
From Clock     : clk
To Clock       : clk
Failed Paths   : 37

Type           : Total number of failed paths
Slack          : 
Required Time  : 
Actual Time    : 
From           : 
To             : 
From Clock     : 
To Clock       : 
Failed Paths   : 37

--------------------------------------------------------------------------------------

