--------------------------------------------------------------------------------------
Timing Analyzer Summary
--------------------------------------------------------------------------------------

Type           : Worst-case tsu
Slack          : N/A
Required Time  : None
Actual Time    : 5.183 ns
From           : OV7670_VSYNC
To             : ov7670_capture:capture|d_latch[3]
From Clock     : --
To Clock       : OV7670_PCLK
Failed Paths   : 0

Type           : Worst-case tco
Slack          : N/A
Required Time  : None
Actual Time    : 18.724 ns
From           : ov7670_controller:controller|i2c_sender:Inst_i2c_sender|busy_sr[20]
To             : OV7670_SIOD
From Clock     : clk100
To Clock       : --
Failed Paths   : 0

Type           : Worst-case th
Slack          : N/A
Required Time  : None
Actual Time    : -2.567 ns
From           : btn
To             : debounce:btn_debounce|c[12]
From Clock     : --
To Clock       : clk100
Failed Paths   : 0

Type           : Clock Setup: 'clk100'
Slack          : N/A
Required Time  : None
Actual Time    : 105.03 MHz ( period = 9.521 ns )
From           : ov7670_controller:controller|ov7670_registers:Inst_ov7670_registers|altsyncram:Mux0_rtl_0|altsyncram_aov:auto_generated|ram_block1a0~porta_address_reg7
To             : ov7670_controller:controller|i2c_sender:Inst_i2c_sender|busy_sr[11]
From Clock     : clk100
To Clock       : clk100
Failed Paths   : 0

Type           : Clock Setup: 'OV7670_PCLK'
Slack          : N/A
Required Time  : None
Actual Time    : Restricted to 163.03 MHz ( period = 6.134 ns )
From           : ov7670_capture:capture|address[13]
To             : frame_buffer:fb|altsyncram:altsyncram_component|altsyncram_cmk1:auto_generated|altsyncram_nhs1:altsyncram1|ram_block2a25~portb_address_reg11
From Clock     : OV7670_PCLK
To Clock       : OV7670_PCLK
Failed Paths   : 0

Type           : Clock Hold: 'OV7670_PCLK'
Slack          : Not operational: Clock Skew > Data Delay
Required Time  : None
Actual Time    : N/A
From           : ov7670_capture:capture|address[11]
To             : frame_buffer:fb|altsyncram:altsyncram_component|altsyncram_cmk1:auto_generated|altsyncram_nhs1:altsyncram1|ram_block2a18~portb_address_reg10
From Clock     : OV7670_PCLK
To Clock       : OV7670_PCLK
Failed Paths   : 97

Type           : Total number of failed paths
Slack          : 
Required Time  : 
Actual Time    : 
From           : 
To             : 
From Clock     : 
To Clock       : 
Failed Paths   : 97

--------------------------------------------------------------------------------------

